C51 COMPILER V9.60.0.0   CAR_INFO                                                          06/22/2020 20:25:30 PAGE 1   


C51 COMPILER V9.60.0.0, COMPILATION OF MODULE CAR_INFO
OBJECT MODULE PLACED IN .\Out_File\car_info.obj
COMPILER INVOKED BY: C:\Keil_v5\C51\BIN\C51.EXE ..\CODE\car_info.c LARGE OMF2 OPTIMIZE(8,SPEED) BROWSE INCDIR(..\..\Libr
                    -aries\libraries;..\..\Libraries\seekfree_libraries;..\..\Libraries\seekfree_peripheral;..\USER\inc;..\USER\src;..\CODE) 
                    -DEBUG PRINT(.\Out_File\car_info.lst) TABS(2) OBJECT(.\Out_File\car_info.obj)

line level    source

   1          #include "car_info.h"
   2          
   3          CarInfo car_info = {0, {0, 0}};


MODULE INFORMATION:   STATIC OVERLAYABLE
   CODE SIZE        =   ----    ----
   CONSTANT SIZE    =   ----    ----
   XDATA SIZE       =     12    ----
   PDATA SIZE       =   ----    ----
   DATA SIZE        =   ----    ----
   IDATA SIZE       =   ----    ----
   BIT SIZE         =   ----    ----
   EDATA SIZE       =   ----    ----
   HDATA SIZE       =   ----    ----
   XDATA CONST SIZE =   ----    ----
   FAR CONST SIZE   =   ----    ----
END OF MODULE INFORMATION.


C51 COMPILATION COMPLETE.  0 WARNING(S),  0 ERROR(S)
