C51 COMPILER V9.60.0.0   CONTROL                                                           06/22/2020 19:58:12 PAGE 1   


C51 COMPILER V9.60.0.0, COMPILATION OF MODULE CONTROL
OBJECT MODULE PLACED IN .\Out_File\control.obj
COMPILER INVOKED BY: C:\Keil_v5\C51\BIN\C51.EXE ..\CODE\control.c LARGE OMF2 OPTIMIZE(8,SPEED) BROWSE INCDIR(..\..\Libra
                    -ries\libraries;..\..\Libraries\seekfree_libraries;..\..\Libraries\seekfree_peripheral;..\USER\inc;..\USER\src;..\CODE) D
                    -EBUG PRINT(.\Out_File\control.lst) TABS(2) OBJECT(.\Out_File\control.obj)

line level    source

   1          /*******************************************
   2           * @file            control
   3           * @note            控制相关的函数，包括直立，速度，转向
   4           * @author          psq
   5           * @software        MDK
   6           * @target core     STC8H8K64S4
   7           *******************************************/
   8          


MODULE INFORMATION:   STATIC OVERLAYABLE
   CODE SIZE        =   ----    ----
   CONSTANT SIZE    =   ----    ----
   XDATA SIZE       =   ----    ----
   PDATA SIZE       =   ----    ----
   DATA SIZE        =   ----    ----
   IDATA SIZE       =   ----    ----
   BIT SIZE         =   ----    ----
   EDATA SIZE       =   ----    ----
   HDATA SIZE       =   ----    ----
   XDATA CONST SIZE =   ----    ----
   FAR CONST SIZE   =   ----    ----
END OF MODULE INFORMATION.


C51 COMPILATION COMPLETE.  0 WARNING(S),  0 ERROR(S)
